{% set className = model.headline + '"-teaser"' %}
{% set model.nr = model.id + 1 %}
{% set simple = 1.5 %}
{% set className = (type) ? moduleClass + '--' + type : '' %}
{% set calculated = complex(1, 5, 'pow') %}
{% set calculated = utils.complex() %}
