<%@ page contentType="text/html; charset=UTF-8" session="false" %><%@ taglib prefix="c" uri="http://java.sun.com/jsp/jstl/core"%><%@ taglib prefix="fmt" uri="http://java.sun.com/jsp/jstl/fmt"%><%@ taglib prefix="entoj" uri="https://entoj.io/entoj"%>
${ entoj:foo(model.text) }
${ entoj:foo(model.text, '#Lipsum', '#Lorem') }
${ entoj:bar(entoj:foo(model.text, x), 'y') }
${ entoj:foo(['one', two]) }


${ empty url ? '' : url }
${ empty url ? 'string' : url }
${ empty url ? 1 : url }
${ empty url ? variable : url }
<c:set var="value" value="${ empty false ? 'hooraa' : false }" />
<c:if test="${empty false ? '' : false == 'yes' }"></c:if>


<c:out value="${ url }" />
<c:set var="value"><c:out value="${ false }" /></c:set>


${ empty url }
<c:set var="value" value="${ empty false }" />
<c:if test="${not empty false }"></c:if>


${  } ${ not empty url ? .concat('--').concat(url) : '' }
<c:set var="value" value="${ 'e-cta' } ${ not empty 'primary' ? 'e-cta'.concat('--').concat('primary') : '' } ${ not empty 'green' ? 'e-cta'.concat('--').concat('green') : '' }" />


${ pageContext.request.contextPath.concat('/base/global/assets/').concat(url) }
<c:set var="path" value="${ pageContext.request.contextPath.concat('/base/global/assets/').concat('primary') }" />


<fmt:message var="translation" key="${ 'key' }" />
<fmt:message key="${ 'key' }" />


<c:set var="html">${ content }</c:set>
<c:set var="html">${ 'content' }</c:set>
${ content }


<c:set var="date"><fmt:formatDate value="${ timestamp.time }" type="date" pattern="YYYY-MM-DD" /></c:set>
<c:set var="date"><fmt:formatDate value="${ timestamp.time }" type="date" pattern="DD.MM.YYYY" /></c:set>
<fmt:formatDate value="${ timestamp.time }" type="date" pattern="YYYY-MM-DD" />





${ pageContext.request.contextPath.concat('/images/').concat(url.src) }
<c:set var="path" value="${ pageContext.request.contextPath.concat('/images/').concat('primary'.src) }" />


<c:url url="${ url }" />
<c:url var="path" url="${ model }" />
<c:url var="path" url="${ model }"><c:param name="p" value="${ page }" /><c:param name="s" value="${ 15 }" /></c:url>